// Jest Snapshot v1, https://goo.gl/fbAQLP

exports[`<ProductPrice /> should match snapshot 1`] = `
<DocumentFragment>
  <div
    class="priceContainer price_className"
  >
    <div
      class="sellingPrice sellingPriceContainer price_sellingPriceContainer"
    >
      <span
        class="sellingPrice sellingPriceValue price_sellingPrice"
      >
        $40.00
      </span>
    </div>
  </div>
</DocumentFragment>
`;

exports[`<ProductPrice /> should match snapshot Loader 1`] = `
<DocumentFragment>
  <div
    class="priceContainer priceLoaderContainer  price_loader"
  >
    <svg
      class="content-loader-mock"
    >
      <rect
        height="0.75em"
        width="50%"
        x="25%"
      />
      <rect />
      <rect
        height="1em"
        width="70%"
        x="15%"
        y="1.25em"
      />
      <rect
        height="0.75em"
        width="80%"
        x="10%"
        y="2.75em"
      />
      <rect />
    </svg>
  </div>
</DocumentFragment>
`;
