// Jest Snapshot v1, https://goo.gl/fbAQLP

exports[`<SearchBar /> should match snapshot 1`] = `
<DocumentFragment>
  <div
    class="w-100 mw7 pv4 searchBarContainer"
  >
    <div
      class="NoSSR-mock"
    >
      <div
        aria-expanded="false"
        aria-haspopup="listbox"
        aria-labelledby="downshift-1-label"
        class="relative-m w-100 searchBarInnerContainer"
        role="combobox"
      >
        <div
          class="autoCompleteOuterContainer flex"
        >
          <div
            class="w-100"
          >
            <label>
              <input
                aria-autocomplete="list"
                aria-labelledby="downshift-1-label"
                autocomplete="off"
                data-error="false"
                id="downshift-1-input"
                placeholder="Search"
                value=""
              />
              <button
                class=" searchBarIcon flex items-center pointer bn bg-transparent outline-0"
              >
                <div
                  class="extension-point-icon-search"
                />
              </button>
            </label>
          </div>
        </div>
        <div>
          <div
            class="extension-point-autocomplete-result-list"
          />
        </div>
      </div>
    </div>
  </div>
</DocumentFragment>
`;
