// Jest Snapshot v1, https://goo.gl/fbAQLP

exports[`Shelf component should match the snapshot 1`] = `
<DocumentFragment>
  <div
    class="title t-heading-2 fw3 w-100 flex justify-center pt7 pb6 c-muted-1"
  >
    <span>
      Best Products
    </span>
  </div>
  <div>
    <div
      class="shelfContentContainer flex justify-center"
    >
      <div
        class="slider-container-mock"
      >
        <div
          class="slider-mock"
        >
          <div
            class="slide-mock"
          >
            <div
              class="extension-point-mock"
            >
              Product Summary extension point
            </div>
          </div>
        </div>
        <div
          class="nossr-mock"
        >
          <div
            class="dots-mock"
          />
        </div>
      </div>
    </div>
  </div>
</DocumentFragment>
`;
